{"level":"info","message":"🚀 Server running on http://localhost:5000","service":"smaart-minds-api","timestamp":"2026-01-24 20:56:53"}
{"level":"info","message":"📱 Mobile access available on local network","service":"smaart-minds-api","timestamp":"2026-01-24 20:56:53"}
{"level":"info","message":"Environment: development","service":"smaart-minds-api","timestamp":"2026-01-24 20:56:53"}
{"level":"info","message":"✅ MongoDB connected successfully","service":"smaart-minds-api","timestamp":"2026-01-24 20:56:53"}
{"level":"info","message":"🚀 Server running on http://localhost:5000","service":"smaart-minds-api","timestamp":"2026-01-25 16:58:33"}
{"level":"info","message":"📱 Mobile access available on local network","service":"smaart-minds-api","timestamp":"2026-01-25 16:58:33"}
{"level":"info","message":"Environment: development","service":"smaart-minds-api","timestamp":"2026-01-25 16:58:33"}
{"level":"info","message":"✅ MongoDB connected successfully","service":"smaart-minds-api","timestamp":"2026-01-25 16:58:34"}
{"level":"warn","message":"⚠️  Port 5000 in use, attempting fallback port 5001","service":"smaart-minds-api","timestamp":"2026-01-25 17:02:07"}
{"level":"info","message":"","service":"smaart-minds-api","timestamp":"2026-01-25 17:02:07"}
{"level":"info","message":"╔══════════════════════════════════════════════════════════╗","service":"smaart-minds-api","timestamp":"2026-01-25 17:02:07"}
{"level":"info","message":"║                   SMAART MINDS SERVER                    ║","service":"smaart-minds-api","timestamp":"2026-01-25 17:02:07"}
{"level":"info","message":"╠══════════════════════════════════════════════════════════╣","service":"smaart-minds-api","timestamp":"2026-01-25 17:02:07"}
{"level":"info","message":"║  🚀 Status:   Online                                     ║","service":"smaart-minds-api","timestamp":"2026-01-25 17:02:07"}
{"level":"info","message":"║  🔌 Port:     5001                                       ║","service":"smaart-minds-api","timestamp":"2026-01-25 17:02:07"}
{"level":"info","message":"║  🏠 Local:    http://localhost:5001                      ║","service":"smaart-minds-api","timestamp":"2026-01-25 17:02:07"}
{"level":"info","message":"║  📱 Network:  On your local network IP                   ║","service":"smaart-minds-api","timestamp":"2026-01-25 17:02:07"}
{"level":"info","message":"║  🌍 Mode:     development                        ║","service":"smaart-minds-api","timestamp":"2026-01-25 17:02:07"}
{"level":"info","message":"╚══════════════════════════════════════════════════════════╝","service":"smaart-minds-api","timestamp":"2026-01-25 17:02:07"}
{"level":"info","message":"","service":"smaart-minds-api","timestamp":"2026-01-25 17:02:07"}
{"level":"info","message":"✅ MongoDB connected successfully","service":"smaart-minds-api","timestamp":"2026-01-25 17:02:09"}
{"level":"info","message":"","service":"smaart-minds-api","timestamp":"2026-01-25 17:07:37"}
{"level":"info","message":"╔══════════════════════════════════════════════════════════╗","service":"smaart-minds-api","timestamp":"2026-01-25 17:07:37"}
{"level":"info","message":"║                   SMAART MINDS SERVER                    ║","service":"smaart-minds-api","timestamp":"2026-01-25 17:07:37"}
{"level":"info","message":"╠══════════════════════════════════════════════════════════╣","service":"smaart-minds-api","timestamp":"2026-01-25 17:07:37"}
{"level":"info","message":"║  🚀 Status:   Online                                     ║","service":"smaart-minds-api","timestamp":"2026-01-25 17:07:37"}
{"level":"info","message":"║  🔌 Port:     5000                                       ║","service":"smaart-minds-api","timestamp":"2026-01-25 17:07:37"}
{"level":"info","message":"║  🏠 Local:    http://localhost:5000                      ║","service":"smaart-minds-api","timestamp":"2026-01-25 17:07:37"}
{"level":"info","message":"║  📱 Network:  On your local network IP                   ║","service":"smaart-minds-api","timestamp":"2026-01-25 17:07:37"}
{"level":"info","message":"║  🌍 Mode:     development                        ║","service":"smaart-minds-api","timestamp":"2026-01-25 17:07:37"}
{"level":"info","message":"╚══════════════════════════════════════════════════════════╝","service":"smaart-minds-api","timestamp":"2026-01-25 17:07:37"}
{"level":"info","message":"","service":"smaart-minds-api","timestamp":"2026-01-25 17:07:37"}
{"level":"info","message":"✅ MongoDB connected successfully","service":"smaart-minds-api","timestamp":"2026-01-25 17:07:39"}
{"level":"info","message":"","service":"smaart-minds-api","timestamp":"2026-01-25 17:09:11"}
{"level":"info","message":"╔══════════════════════════════════════════════════════════╗","service":"smaart-minds-api","timestamp":"2026-01-25 17:09:11"}
{"level":"info","message":"║                   SMAART MINDS SERVER                    ║","service":"smaart-minds-api","timestamp":"2026-01-25 17:09:11"}
{"level":"info","message":"╠══════════════════════════════════════════════════════════╣","service":"smaart-minds-api","timestamp":"2026-01-25 17:09:11"}
{"level":"info","message":"║  🚀 Status:   Online                                     ║","service":"smaart-minds-api","timestamp":"2026-01-25 17:09:11"}
{"level":"info","message":"║  🔌 Port:     5000                                       ║","service":"smaart-minds-api","timestamp":"2026-01-25 17:09:11"}
{"level":"info","message":"║  🏠 Local:    http://localhost:5000                      ║","service":"smaart-minds-api","timestamp":"2026-01-25 17:09:11"}
{"level":"info","message":"║  📱 Network:  On your local network IP                   ║","service":"smaart-minds-api","timestamp":"2026-01-25 17:09:11"}
{"level":"info","message":"║  🌍 Mode:     development                        ║","service":"smaart-minds-api","timestamp":"2026-01-25 17:09:11"}
{"level":"info","message":"╚══════════════════════════════════════════════════════════╝","service":"smaart-minds-api","timestamp":"2026-01-25 17:09:11"}
{"level":"info","message":"","service":"smaart-minds-api","timestamp":"2026-01-25 17:09:11"}
{"level":"info","message":"✅ MongoDB connected successfully","service":"smaart-minds-api","timestamp":"2026-01-25 17:09:12"}
{"level":"info","message":"","service":"smaart-minds-api","timestamp":"2026-01-25 17:09:50"}
{"level":"info","message":"╔══════════════════════════════════════════════════════════╗","service":"smaart-minds-api","timestamp":"2026-01-25 17:09:50"}
{"level":"info","message":"║                   SMAART MINDS SERVER                    ║","service":"smaart-minds-api","timestamp":"2026-01-25 17:09:50"}
{"level":"info","message":"╠══════════════════════════════════════════════════════════╣","service":"smaart-minds-api","timestamp":"2026-01-25 17:09:50"}
{"level":"info","message":"║  🚀 Status:   Online                                     ║","service":"smaart-minds-api","timestamp":"2026-01-25 17:09:50"}
{"level":"info","message":"║  🔌 Port:     5000                                       ║","service":"smaart-minds-api","timestamp":"2026-01-25 17:09:50"}
{"level":"info","message":"║  🏠 Local:    http://localhost:5000                      ║","service":"smaart-minds-api","timestamp":"2026-01-25 17:09:50"}
{"level":"info","message":"║  📱 Network:  On your local network IP                   ║","service":"smaart-minds-api","timestamp":"2026-01-25 17:09:50"}
{"level":"info","message":"║  🌍 Mode:     development                        ║","service":"smaart-minds-api","timestamp":"2026-01-25 17:09:50"}
{"level":"info","message":"╚══════════════════════════════════════════════════════════╝","service":"smaart-minds-api","timestamp":"2026-01-25 17:09:50"}
{"level":"info","message":"","service":"smaart-minds-api","timestamp":"2026-01-25 17:09:50"}
{"level":"info","message":"✅ MongoDB connected successfully","service":"smaart-minds-api","timestamp":"2026-01-25 17:09:51"}
{"level":"warn","message":"⚠️  Port 5000 in use, attempting fallback port 5001","service":"smaart-minds-api","timestamp":"2026-01-25 17:10:31"}
{"level":"info","message":"","service":"smaart-minds-api","timestamp":"2026-01-25 17:10:31"}
{"level":"info","message":"╔══════════════════════════════════════════════════════════╗","service":"smaart-minds-api","timestamp":"2026-01-25 17:10:31"}
{"level":"info","message":"║                   SMAART MINDS SERVER                    ║","service":"smaart-minds-api","timestamp":"2026-01-25 17:10:31"}
{"level":"info","message":"╠══════════════════════════════════════════════════════════╣","service":"smaart-minds-api","timestamp":"2026-01-25 17:10:31"}
{"level":"info","message":"║  🚀 Status:   Online                                     ║","service":"smaart-minds-api","timestamp":"2026-01-25 17:10:31"}
{"level":"info","message":"║  🔌 Port:     5001                                       ║","service":"smaart-minds-api","timestamp":"2026-01-25 17:10:31"}
{"level":"info","message":"║  🏠 Local:    http://localhost:5001                      ║","service":"smaart-minds-api","timestamp":"2026-01-25 17:10:31"}
{"level":"info","message":"║  📱 Network:  On your local network IP                   ║","service":"smaart-minds-api","timestamp":"2026-01-25 17:10:31"}
{"level":"info","message":"║  🌍 Mode:     development                        ║","service":"smaart-minds-api","timestamp":"2026-01-25 17:10:31"}
{"level":"info","message":"╚══════════════════════════════════════════════════════════╝","service":"smaart-minds-api","timestamp":"2026-01-25 17:10:31"}
{"level":"info","message":"","service":"smaart-minds-api","timestamp":"2026-01-25 17:10:31"}
{"level":"info","message":"✅ MongoDB connected successfully","service":"smaart-minds-api","timestamp":"2026-01-25 17:10:33"}
{"level":"info","message":"✅ MongoDB connected successfully","service":"smaart-minds-api","timestamp":"2026-01-25 17:11:54"}
{"level":"info","message":"✅ MongoDB connected successfully","service":"smaart-minds-api","timestamp":"2026-01-25 17:12:45"}
{"level":"warn","message":"⚠️  Port 5000 in use, attempting fallback port 5001","service":"smaart-minds-api","timestamp":"2026-01-25 17:16:34"}
{"level":"info","message":"✅ MongoDB connected successfully","service":"smaart-minds-api","timestamp":"2026-01-25 17:16:35"}
{"level":"warn","message":"⚠️  Port 5000 in use, attempting fallback port 5001","service":"smaart-minds-api","timestamp":"2026-01-25 17:17:26"}
{"level":"info","message":"✅ MongoDB connected successfully","service":"smaart-minds-api","timestamp":"2026-01-25 17:17:27"}
{"level":"info","message":"✅ MongoDB connected successfully","service":"smaart-minds-api","timestamp":"2026-01-25 17:19:06"}
{"level":"info","message":"✅ MongoDB connected successfully","service":"smaart-minds-api","timestamp":"2026-01-25 17:21:07"}
{"level":"warn","message":"⚠️  Port 5000 in use, attempting fallback port 5001","service":"smaart-minds-api","timestamp":"2026-01-25 17:24:27"}
{"level":"info","message":"✅ MongoDB connected successfully","service":"smaart-minds-api","timestamp":"2026-01-25 17:24:28"}
{"level":"warn","message":"⚠️  Port 5000 in use, attempting fallback port 5001","service":"smaart-minds-api","timestamp":"2026-01-25 17:24:49"}
{"level":"info","message":"✅ MongoDB connected successfully","service":"smaart-minds-api","timestamp":"2026-01-25 17:24:49"}
{"level":"info","message":"✅ MongoDB connected successfully","service":"smaart-minds-api","timestamp":"2026-01-25 17:26:11"}
{"level":"info","message":"✅ MongoDB connected successfully","service":"smaart-minds-api","timestamp":"2026-01-25 19:22:59"}
{"ip":"127.0.0.1","level":"error","message":"Request Timeout","method":"POST","service":"smaart-minds-api","timestamp":"2026-01-25 21:48:22","url":"/api/upload"}
{"level":"info","message":"✅ MongoDB connected successfully","service":"smaart-minds-api","timestamp":"2026-01-26 22:24:29"}
{"level":"warn","message":"Route / not found","method":"GET","service":"smaart-minds-api","statusCode":404,"timestamp":"2026-01-26 22:24:45","url":"/"}
{"level":"warn","message":"Route /favicon.ico not found","method":"GET","service":"smaart-minds-api","statusCode":404,"timestamp":"2026-01-26 22:24:45","url":"/favicon.ico"}
{"level":"info","message":"✅ MongoDB connected successfully","service":"smaart-minds-api","timestamp":"2026-01-26 22:25:55"}
{"level":"info","message":"✅ MongoDB connected successfully","service":"smaart-minds-api","timestamp":"2026-01-27 11:44:16"}
{"level":"info","message":"✅ MongoDB connected successfully","service":"smaart-minds-api","timestamp":"2026-01-27 13:19:05"}
{"level":"info","message":"✅ MongoDB connected successfully","service":"smaart-minds-api","timestamp":"2026-01-27 13:30:29"}
{"level":"info","message":"✅ MongoDB connected successfully","service":"smaart-minds-api","timestamp":"2026-01-28 15:44:04"}
{"level":"info","message":"✅ MongoDB connected successfully","service":"smaart-minds-api","timestamp":"2026-02-03 11:05:21"}
{"level":"info","message":"✅ MongoDB connected successfully","service":"smaart-minds-api","timestamp":"2026-02-04 13:12:23"}
{"level":"info","message":"✅ MongoDB connected successfully","service":"smaart-minds-api","timestamp":"2026-02-04 15:24:55"}
{"level":"info","message":"✅ MongoDB connected successfully","service":"smaart-minds-api","timestamp":"2026-02-04 17:38:25"}
{"level":"warn","message":"⚠️  Port 5000 in use, attempting fallback port 5001","service":"smaart-minds-api","timestamp":"2026-02-04 17:38:54"}
{"level":"info","message":"✅ MongoDB connected successfully","service":"smaart-minds-api","timestamp":"2026-02-04 17:38:55"}
{"level":"info","message":"✅ MongoDB connected successfully","service":"smaart-minds-api","timestamp":"2026-02-04 17:39:21"}
{"level":"warn","message":"⚠️  Port 5000 in use, attempting fallback port 5001","service":"smaart-minds-api","timestamp":"2026-02-04 17:40:28"}
{"level":"info","message":"✅ MongoDB connected successfully","service":"smaart-minds-api","timestamp":"2026-02-04 17:40:28"}
{"level":"info","message":"✅ MongoDB connected successfully","service":"smaart-minds-api","timestamp":"2026-02-04 17:46:17"}
{"level":"info","message":"✅ MongoDB connected successfully","service":"smaart-minds-api","timestamp":"2026-02-04 17:50:09"}
{"level":"info","message":"✅ MongoDB connected successfully","service":"smaart-minds-api","timestamp":"2026-02-04 17:50:29"}
{"level":"info","message":"✅ MongoDB connected successfully","service":"smaart-minds-api","timestamp":"2026-02-04 17:50:42"}
{"level":"info","message":"✅ MongoDB connected successfully","service":"smaart-minds-api","timestamp":"2026-02-04 17:51:44"}
{"level":"info","message":"✅ MongoDB connected successfully","service":"smaart-minds-api","timestamp":"2026-02-04 17:51:57"}
{"level":"info","message":"✅ MongoDB connected successfully","service":"smaart-minds-api","timestamp":"2026-02-04 17:53:53"}
{"level":"info","message":"✅ MongoDB connected successfully","service":"smaart-minds-api","timestamp":"2026-02-04 18:26:47"}
{"level":"info","message":"✅ MongoDB connected successfully","service":"smaart-minds-api","timestamp":"2026-02-04 18:32:43"}
{"level":"info","message":"✅ MongoDB connected successfully","service":"smaart-minds-api","timestamp":"2026-02-04 18:34:12"}
{"level":"info","message":"✅ MongoDB connected successfully","service":"smaart-minds-api","timestamp":"2026-02-05 16:41:13"}
{"level":"info","message":"✅ MongoDB connected successfully","service":"smaart-minds-api","timestamp":"2026-02-05 17:11:47"}
{"level":"info","message":"✅ MongoDB connected successfully","service":"smaart-minds-api","timestamp":"2026-02-05 23:29:22"}
{"level":"warn","message":"⚠️  Port 5000 in use, attempting fallback port 5001","service":"smaart-minds-api","timestamp":"2026-02-07 17:56:18"}
{"level":"info","message":"✅ MongoDB connected successfully","service":"smaart-minds-api","timestamp":"2026-02-07 17:56:18"}
{"0":"C","1":"a","10":"d","100":"H","101":"B","102":"O","103":"A","104":"R","105":"D","106":"\\","107":"S","108":"M","109":"A","11":" ","110":"A","111":"R","112":"T","113":"-","114":"I","115":"N","116":"S","117":"T","118":"I","119":"T","12":"m","120":"U","121":"E","122":"-","123":"U","124":"S","125":"E","126":"R","127":"D","128":"A","129":"S","13":"o","130":"H","131":"B","132":"O","133":"A","134":"R","135":"D","136":"\\","137":"b","138":"a","139":"c","14":"d","140":"k","141":"-","142":"e","143":"n","144":"d","145":"\\","146":"r","147":"o","148":"u","149":"t","15":"u","150":"e","151":"s","152":"\\","153":"a","154":"i","155":"C","156":"a","157":"r","158":"e","159":"e","16":"l","160":"r","161":"C","162":"o","163":"a","164":"c","165":"h","166":".","167":"j","168":"s","169":"\n","17":"e","170":"-","171":" ","172":"B","173":":","174":"\\","175":"F","176":"E","177":"B","178":" ","179":"F","18":" ","180":"i","181":"n","182":"a","183":"l","184":" ","185":"-","186":" ","187":"2","188":"6","189":" ","19":"'","190":"M","191":"I","192":"N","193":"D","194":"S","195":" ","196":" ","197":"U","198":"S","199":"E","2":"n","20":".","200":"R","201":" ","202":"D","203":"A","204":"S","205":"H","206":"B","207":"O","208":"A","209":"R","21":".","210":"D","211":"\\","212":"S","213":"M","214":"A","215":"A","216":"R","217":"T","218":"-","219":"I","22":"/","220":"N","221":"S","222":"T","223":"I","224":"T","225":"U","226":"E","227":"-","228":"U","229":"S","23":"m","230":"E","231":"R","232":"D","233":"A","234":"S","235":"H","236":"B","237":"O","238":"A","239":"R","24":"i","240":"D","241":"\\","242":"b","243":"a","244":"c","245":"k","246":"-","247":"e","248":"n","249":"d","25":"d","250":"\\","251":"s","252":"e","253":"r","254":"v","255":"e","256":"r","257":".","258":"j","259":"s","26":"d","27":"l","28":"e","29":"w","3":"n","30":"a","31":"r","32":"e","33":"/","34":"a","35":"u","36":"t","37":"h","38":"M","39":"i","4":"o","40":"d","41":"d","42":"l","43":"e","44":"w","45":"a","46":"r","47":"e","48":"'","49":"\n","5":"t","50":"R","51":"e","52":"q","53":"u","54":"i","55":"r","56":"e","57":" ","58":"s","59":"t","6":" ","60":"a","61":"c","62":"k","63":":","64":"\n","65":"-","66":" ","67":"B","68":":","69":"\\","7":"f","70":"F","71":"E","72":"B","73":" ","74":"F","75":"i","76":"n","77":"a","78":"l","79":" ","8":"i","80":"-","81":" ","82":"2","83":"6","84":" ","85":"M","86":"I","87":"N","88":"D","89":"S","9":"n","90":" ","91":" ","92":"U","93":"S","94":"E","95":"R","96":" ","97":"D","98":"A","99":"S","level":"error","message":"❌ Failed to load AI Career Coach routes:","service":"smaart-minds-api","timestamp":"2026-02-07 17:56:50"}
{"level":"warn","message":"⚠️  Port 5000 in use, attempting fallback port 5001","service":"smaart-minds-api","timestamp":"2026-02-07 17:56:50"}
{"level":"info","message":"✅ MongoDB connected successfully","service":"smaart-minds-api","timestamp":"2026-02-07 17:56:51"}
{"0":"C","1":"a","10":"d","100":"H","101":"B","102":"O","103":"A","104":"R","105":"D","106":"\\","107":"S","108":"M","109":"A","11":" ","110":"A","111":"R","112":"T","113":"-","114":"I","115":"N","116":"S","117":"T","118":"I","119":"T","12":"m","120":"U","121":"E","122":"-","123":"U","124":"S","125":"E","126":"R","127":"D","128":"A","129":"S","13":"o","130":"H","131":"B","132":"O","133":"A","134":"R","135":"D","136":"\\","137":"b","138":"a","139":"c","14":"d","140":"k","141":"-","142":"e","143":"n","144":"d","145":"\\","146":"r","147":"o","148":"u","149":"t","15":"u","150":"e","151":"s","152":"\\","153":"a","154":"i","155":"C","156":"a","157":"r","158":"e","159":"e","16":"l","160":"r","161":"C","162":"o","163":"a","164":"c","165":"h","166":".","167":"j","168":"s","169":"\n","17":"e","170":"-","171":" ","172":"B","173":":","174":"\\","175":"F","176":"E","177":"B","178":" ","179":"F","18":" ","180":"i","181":"n","182":"a","183":"l","184":" ","185":"-","186":" ","187":"2","188":"6","189":" ","19":"'","190":"M","191":"I","192":"N","193":"D","194":"S","195":" ","196":" ","197":"U","198":"S","199":"E","2":"n","20":".","200":"R","201":" ","202":"D","203":"A","204":"S","205":"H","206":"B","207":"O","208":"A","209":"R","21":".","210":"D","211":"\\","212":"S","213":"M","214":"A","215":"A","216":"R","217":"T","218":"-","219":"I","22":"/","220":"N","221":"S","222":"T","223":"I","224":"T","225":"U","226":"E","227":"-","228":"U","229":"S","23":"m","230":"E","231":"R","232":"D","233":"A","234":"S","235":"H","236":"B","237":"O","238":"A","239":"R","24":"i","240":"D","241":"\\","242":"b","243":"a","244":"c","245":"k","246":"-","247":"e","248":"n","249":"d","25":"d","250":"\\","251":"s","252":"e","253":"r","254":"v","255":"e","256":"r","257":".","258":"j","259":"s","26":"d","27":"l","28":"e","29":"w","3":"n","30":"a","31":"r","32":"e","33":"/","34":"a","35":"u","36":"t","37":"h","38":"M","39":"i","4":"o","40":"d","41":"d","42":"l","43":"e","44":"w","45":"a","46":"r","47":"e","48":"'","49":"\n","5":"t","50":"R","51":"e","52":"q","53":"u","54":"i","55":"r","56":"e","57":" ","58":"s","59":"t","6":" ","60":"a","61":"c","62":"k","63":":","64":"\n","65":"-","66":" ","67":"B","68":":","69":"\\","7":"f","70":"F","71":"E","72":"B","73":" ","74":"F","75":"i","76":"n","77":"a","78":"l","79":" ","8":"i","80":"-","81":" ","82":"2","83":"6","84":" ","85":"M","86":"I","87":"N","88":"D","89":"S","9":"n","90":" ","91":" ","92":"U","93":"S","94":"E","95":"R","96":" ","97":"D","98":"A","99":"S","level":"error","message":"❌ Failed to load AI Career Coach routes:","service":"smaart-minds-api","timestamp":"2026-02-07 18:19:36"}
{"level":"warn","message":"⚠️  Port 5000 in use, attempting fallback port 5001","service":"smaart-minds-api","timestamp":"2026-02-07 18:19:36"}
{"level":"info","message":"✅ MongoDB connected successfully","service":"smaart-minds-api","timestamp":"2026-02-07 18:19:36"}
{"0":"C","1":"a","10":"d","100":"H","101":"B","102":"O","103":"A","104":"R","105":"D","106":"\\","107":"S","108":"M","109":"A","11":" ","110":"A","111":"R","112":"T","113":"-","114":"I","115":"N","116":"S","117":"T","118":"I","119":"T","12":"m","120":"U","121":"E","122":"-","123":"U","124":"S","125":"E","126":"R","127":"D","128":"A","129":"S","13":"o","130":"H","131":"B","132":"O","133":"A","134":"R","135":"D","136":"\\","137":"b","138":"a","139":"c","14":"d","140":"k","141":"-","142":"e","143":"n","144":"d","145":"\\","146":"r","147":"o","148":"u","149":"t","15":"u","150":"e","151":"s","152":"\\","153":"a","154":"i","155":"C","156":"a","157":"r","158":"e","159":"e","16":"l","160":"r","161":"C","162":"o","163":"a","164":"c","165":"h","166":".","167":"j","168":"s","169":"\n","17":"e","170":"-","171":" ","172":"B","173":":","174":"\\","175":"F","176":"E","177":"B","178":" ","179":"F","18":" ","180":"i","181":"n","182":"a","183":"l","184":" ","185":"-","186":" ","187":"2","188":"6","189":" ","19":"'","190":"M","191":"I","192":"N","193":"D","194":"S","195":" ","196":" ","197":"U","198":"S","199":"E","2":"n","20":".","200":"R","201":" ","202":"D","203":"A","204":"S","205":"H","206":"B","207":"O","208":"A","209":"R","21":".","210":"D","211":"\\","212":"S","213":"M","214":"A","215":"A","216":"R","217":"T","218":"-","219":"I","22":"/","220":"N","221":"S","222":"T","223":"I","224":"T","225":"U","226":"E","227":"-","228":"U","229":"S","23":"m","230":"E","231":"R","232":"D","233":"A","234":"S","235":"H","236":"B","237":"O","238":"A","239":"R","24":"i","240":"D","241":"\\","242":"b","243":"a","244":"c","245":"k","246":"-","247":"e","248":"n","249":"d","25":"d","250":"\\","251":"s","252":"e","253":"r","254":"v","255":"e","256":"r","257":".","258":"j","259":"s","26":"d","27":"l","28":"e","29":"w","3":"n","30":"a","31":"r","32":"e","33":"/","34":"a","35":"u","36":"t","37":"h","38":"M","39":"i","4":"o","40":"d","41":"d","42":"l","43":"e","44":"w","45":"a","46":"r","47":"e","48":"'","49":"\n","5":"t","50":"R","51":"e","52":"q","53":"u","54":"i","55":"r","56":"e","57":" ","58":"s","59":"t","6":" ","60":"a","61":"c","62":"k","63":":","64":"\n","65":"-","66":" ","67":"B","68":":","69":"\\","7":"f","70":"F","71":"E","72":"B","73":" ","74":"F","75":"i","76":"n","77":"a","78":"l","79":" ","8":"i","80":"-","81":" ","82":"2","83":"6","84":" ","85":"M","86":"I","87":"N","88":"D","89":"S","9":"n","90":" ","91":" ","92":"U","93":"S","94":"E","95":"R","96":" ","97":"D","98":"A","99":"S","level":"error","message":"❌ Failed to load AI Career Coach routes:","service":"smaart-minds-api","timestamp":"2026-02-07 18:33:08"}
{"level":"warn","message":"⚠️  Port 5000 in use, attempting fallback port 5001","service":"smaart-minds-api","timestamp":"2026-02-07 18:33:08"}
{"level":"info","message":"✅ MongoDB connected successfully","service":"smaart-minds-api","timestamp":"2026-02-07 18:33:08"}
{"level":"warn","message":"⚠️  Port 5000 in use, attempting fallback port 5001","service":"smaart-minds-api","timestamp":"2026-02-07 19:31:12"}
{"level":"info","message":"✅ MongoDB connected successfully","service":"smaart-minds-api","timestamp":"2026-02-07 19:31:12"}
{"level":"info","message":"✅ AI Career Coach Routes Loaded (Inline)","service":"smaart-minds-api","timestamp":"2026-02-07 19:32:56"}
{"level":"warn","message":"⚠️  Port 5000 in use, attempting fallback port 5001","service":"smaart-minds-api","timestamp":"2026-02-07 19:32:56"}
{"level":"info","message":"✅ MongoDB connected successfully","service":"smaart-minds-api","timestamp":"2026-02-07 19:32:56"}
{"level":"info","message":"✅ AI Career Coach Routes Loaded (Inline)","service":"smaart-minds-api","timestamp":"2026-02-07 19:40:35"}
{"level":"warn","message":"⚠️  Port 5000 in use, attempting fallback port 5001","service":"smaart-minds-api","timestamp":"2026-02-07 19:40:35"}
{"level":"info","message":"✅ MongoDB connected successfully","service":"smaart-minds-api","timestamp":"2026-02-07 19:40:36"}
{"level":"info","message":"✅ AI Career Coach Routes Loaded (Inline)","service":"smaart-minds-api","timestamp":"2026-02-08 13:55:04"}
{"level":"info","message":"✅ MongoDB connected successfully","service":"smaart-minds-api","timestamp":"2026-02-08 13:55:06"}
{"level":"info","message":"✅ AI Career Coach Routes Loaded (Inline)","service":"smaart-minds-api","timestamp":"2026-02-08 14:06:59"}
{"level":"info","message":"✅ MongoDB connected successfully","service":"smaart-minds-api","timestamp":"2026-02-08 14:07:01"}
{"level":"info","message":"✅ AI Career Coach Routes Loaded (Inline)","service":"smaart-minds-api","timestamp":"2026-02-08 14:08:45"}
{"level":"info","message":"✅ MongoDB connected successfully","service":"smaart-minds-api","timestamp":"2026-02-08 14:08:46"}
{"level":"info","message":"✅ AI Career Coach Routes Loaded (Inline)","service":"smaart-minds-api","timestamp":"2026-02-08 14:10:57"}
{"level":"info","message":"✅ MongoDB connected successfully","service":"smaart-minds-api","timestamp":"2026-02-08 14:10:58"}
{"level":"info","message":"✅ AI Career Coach Routes Loaded (Inline)","service":"smaart-minds-api","timestamp":"2026-02-08 16:42:03"}
{"level":"warn","message":"⚠️  Port 5000 in use, attempting fallback port 5001","service":"smaart-minds-api","timestamp":"2026-02-08 16:42:03"}
{"level":"info","message":"✅ MongoDB connected successfully","service":"smaart-minds-api","timestamp":"2026-02-08 16:42:05"}
{"level":"info","message":"✅ AI Career Coach Routes Loaded (Inline)","service":"smaart-minds-api","timestamp":"2026-02-08 16:43:39"}
{"level":"info","message":"✅ MongoDB connected successfully","service":"smaart-minds-api","timestamp":"2026-02-08 16:43:40"}
{"level":"info","message":"✅ AI Career Coach Routes Loaded (Inline)","service":"smaart-minds-api","timestamp":"2026-02-08 16:48:26"}
{"level":"info","message":"✅ MongoDB connected successfully","service":"smaart-minds-api","timestamp":"2026-02-08 16:48:29"}
{"level":"info","message":"✅ AI Career Coach Routes Loaded (Inline)","service":"smaart-minds-api","timestamp":"2026-02-08 16:58:17"}
{"level":"warn","message":"⚠️  Port 5000 in use, attempting fallback port 5001","service":"smaart-minds-api","timestamp":"2026-02-08 16:58:17"}
{"level":"info","message":"✅ MongoDB connected successfully","service":"smaart-minds-api","timestamp":"2026-02-08 16:58:18"}
{"level":"info","message":"✅ AI Career Coach Routes Loaded (Inline)","service":"smaart-minds-api","timestamp":"2026-02-08 17:00:01"}
{"level":"info","message":"✅ AI Career Coach Routes Loaded (Inline)","service":"smaart-minds-api","timestamp":"2026-02-08 17:00:02"}
{"level":"warn","message":"⚠️  Port 5000 in use, attempting fallback port 5001","service":"smaart-minds-api","timestamp":"2026-02-08 17:00:02"}
{"level":"info","message":"✅ MongoDB connected successfully","service":"smaart-minds-api","timestamp":"2026-02-08 17:00:10"}
{"level":"info","message":"✅ MongoDB connected successfully","service":"smaart-minds-api","timestamp":"2026-02-08 17:00:10"}
{"level":"info","message":"✅ AI Career Coach Routes Loaded (Inline)","service":"smaart-minds-api","timestamp":"2026-02-08 17:57:59"}
{"level":"info","message":"✅ MongoDB connected successfully","service":"smaart-minds-api","timestamp":"2026-02-08 17:58:01"}
{"level":"info","message":"✅ AI Career Coach Routes Loaded (Inline)","service":"smaart-minds-api","timestamp":"2026-02-08 18:11:54"}
{"level":"warn","message":"⚠️  Port 5000 in use, attempting fallback port 5001","service":"smaart-minds-api","timestamp":"2026-02-08 18:11:54"}
{"level":"info","message":"✅ MongoDB connected successfully","service":"smaart-minds-api","timestamp":"2026-02-08 18:11:55"}
{"level":"info","message":"✅ AI Career Coach Routes Loaded (Inline)","service":"smaart-minds-api","timestamp":"2026-02-08 18:18:02"}
{"level":"info","message":"✅ MongoDB connected successfully","service":"smaart-minds-api","timestamp":"2026-02-08 18:18:03"}
{"level":"info","message":"✅ AI Career Coach Routes Loaded (Inline)","service":"smaart-minds-api","timestamp":"2026-02-08 18:47:35"}
{"level":"info","message":"✅ MongoDB connected successfully","service":"smaart-minds-api","timestamp":"2026-02-08 18:47:36"}
{"level":"info","message":"✅ AI Career Coach Routes Loaded (Inline)","service":"smaart-minds-api","timestamp":"2026-02-08 18:56:18"}
{"level":"info","message":"✅ MongoDB connected successfully","service":"smaart-minds-api","timestamp":"2026-02-08 18:56:19"}
{"level":"info","message":"✅ AI Career Coach Routes Loaded (Inline)","service":"smaart-minds-api","timestamp":"2026-02-08 19:11:12"}
{"level":"info","message":"✅ MongoDB connected successfully","service":"smaart-minds-api","timestamp":"2026-02-08 19:11:13"}
{"level":"info","message":"✅ AI Career Coach Routes Loaded (Inline)","service":"smaart-minds-api","timestamp":"2026-02-09 00:18:21"}
{"level":"info","message":"✅ MongoDB connected successfully","service":"smaart-minds-api","timestamp":"2026-02-09 00:18:22"}
{"level":"info","message":"✅ AI Career Coach Routes Loaded (Inline)","service":"smaart-minds-api","timestamp":"2026-02-09 00:30:38"}
{"level":"warn","message":"⚠️  Port 5000 in use, attempting fallback port 5001","service":"smaart-minds-api","timestamp":"2026-02-09 00:30:38"}
{"level":"info","message":"✅ MongoDB connected successfully","service":"smaart-minds-api","timestamp":"2026-02-09 00:30:39"}
{"level":"info","message":"✅ AI Career Coach Routes Loaded (Inline)","service":"smaart-minds-api","timestamp":"2026-02-09 00:31:28"}
{"level":"info","message":"✅ MongoDB connected successfully","service":"smaart-minds-api","timestamp":"2026-02-09 00:31:29"}
{"level":"info","message":"✅ AI Career Coach Routes Loaded (Inline)","service":"smaart-minds-api","timestamp":"2026-02-09 00:44:20"}
{"level":"info","message":"✅ MongoDB connected successfully","service":"smaart-minds-api","timestamp":"2026-02-09 00:44:21"}
{"level":"warn","message":"Route /api/courseEnrollments/quiz-progress not found","method":"POST","service":"smaart-minds-api","statusCode":404,"timestamp":"2026-02-09 12:58:37","url":"/api/courseEnrollments/quiz-progress"}
{"level":"warn","message":"Route /api/coach-sessions?student=695a231bf27fc9ab46d56375 not found","method":"GET","service":"smaart-minds-api","statusCode":404,"timestamp":"2026-02-09 14:04:44","url":"/api/coach-sessions?student=695a231bf27fc9ab46d56375"}
{"level":"warn","message":"Route /api/courseEnrollments/quiz-progress not found","method":"POST","service":"smaart-minds-api","statusCode":404,"timestamp":"2026-02-09 15:38:24","url":"/api/courseEnrollments/quiz-progress"}
{"level":"warn","message":"Route /api/courseEnrollments/quiz-progress not found","method":"POST","service":"smaart-minds-api","statusCode":404,"timestamp":"2026-02-09 15:40:17","url":"/api/courseEnrollments/quiz-progress"}
{"level":"warn","message":"Route /api/courseEnrollments/quiz-progress not found","method":"POST","service":"smaart-minds-api","statusCode":404,"timestamp":"2026-02-09 15:41:15","url":"/api/courseEnrollments/quiz-progress"}
{"level":"info","message":"✅ AI Career Coach Routes Loaded (Inline)","service":"smaart-minds-api","timestamp":"2026-02-09 16:02:30"}
{"level":"info","message":"✅ MongoDB connected successfully","service":"smaart-minds-api","timestamp":"2026-02-09 16:02:31"}
{"level":"info","message":"✅ AI Career Coach Routes Loaded (Inline)","service":"smaart-minds-api","timestamp":"2026-02-09 16:04:46"}
{"level":"info","message":"✅ MongoDB connected successfully","service":"smaart-minds-api","timestamp":"2026-02-09 16:05:07"}
{"level":"info","message":"✅ AI Career Coach Routes Loaded (Inline)","service":"smaart-minds-api","timestamp":"2026-02-09 16:05:59"}
{"level":"info","message":"✅ MongoDB connected successfully","service":"smaart-minds-api","timestamp":"2026-02-09 16:05:59"}
{"level":"info","message":"✅ AI Career Coach Routes Loaded (Inline)","service":"smaart-minds-api","timestamp":"2026-02-09 18:27:38"}
{"level":"info","message":"✅ MongoDB connected successfully","service":"smaart-minds-api","timestamp":"2026-02-09 18:27:39"}
{"level":"info","message":"✅ AI Career Coach Routes Loaded (Inline)","service":"smaart-minds-api","timestamp":"2026-02-09 18:31:45"}
{"level":"info","message":"✅ MongoDB connected successfully","service":"smaart-minds-api","timestamp":"2026-02-09 18:31:46"}
{"level":"info","message":"✅ AI Career Coach Routes Loaded (Inline)","service":"smaart-minds-api","timestamp":"2026-02-10 10:17:06"}
{"level":"info","message":"✅ MongoDB connected successfully","service":"smaart-minds-api","timestamp":"2026-02-10 10:17:07"}
{"level":"info","message":"✅ AI Career Coach Routes Loaded (Inline)","service":"smaart-minds-api","timestamp":"2026-02-10 10:25:16"}
{"level":"info","message":"✅ MongoDB connected successfully","service":"smaart-minds-api","timestamp":"2026-02-10 10:25:16"}
{"level":"info","message":"✅ AI Career Coach Routes Loaded (Inline)","service":"smaart-minds-api","timestamp":"2026-02-10 10:25:39"}
{"level":"info","message":"✅ MongoDB connected successfully","service":"smaart-minds-api","timestamp":"2026-02-10 10:25:40"}
{"level":"info","message":"✅ AI Career Coach Routes Loaded (Inline)","service":"smaart-minds-api","timestamp":"2026-02-10 10:26:06"}
{"level":"info","message":"✅ MongoDB connected successfully","service":"smaart-minds-api","timestamp":"2026-02-10 10:26:07"}
{"level":"info","message":"✅ AI Career Coach Routes Loaded (Inline)","service":"smaart-minds-api","timestamp":"2026-02-10 10:26:29"}
{"level":"info","message":"✅ MongoDB connected successfully","service":"smaart-minds-api","timestamp":"2026-02-10 10:26:30"}
{"level":"info","message":"✅ AI Career Coach Routes Loaded (Inline)","service":"smaart-minds-api","timestamp":"2026-02-10 10:26:52"}
{"level":"info","message":"✅ MongoDB connected successfully","service":"smaart-minds-api","timestamp":"2026-02-10 10:26:53"}
{"level":"info","message":"✅ AI Career Coach Routes Loaded (Inline)","service":"smaart-minds-api","timestamp":"2026-02-10 10:27:08"}
{"level":"info","message":"✅ MongoDB connected successfully","service":"smaart-minds-api","timestamp":"2026-02-10 10:27:09"}
{"level":"info","message":"✅ AI Career Coach Routes Loaded (Inline)","service":"smaart-minds-api","timestamp":"2026-02-10 10:27:24"}
{"level":"info","message":"✅ MongoDB connected successfully","service":"smaart-minds-api","timestamp":"2026-02-10 10:27:24"}
{"level":"info","message":"✅ AI Career Coach Routes Loaded (Inline)","service":"smaart-minds-api","timestamp":"2026-02-10 10:34:14"}
{"level":"info","message":"✅ MongoDB connected successfully","service":"smaart-minds-api","timestamp":"2026-02-10 10:34:15"}
{"level":"info","message":"✅ AI Career Coach Routes Loaded (Inline)","service":"smaart-minds-api","timestamp":"2026-02-10 10:34:39"}
{"level":"info","message":"✅ MongoDB connected successfully","service":"smaart-minds-api","timestamp":"2026-02-10 10:34:39"}
{"level":"info","message":"✅ AI Career Coach Routes Loaded (Inline)","service":"smaart-minds-api","timestamp":"2026-02-10 10:34:55"}
{"level":"info","message":"✅ MongoDB connected successfully","service":"smaart-minds-api","timestamp":"2026-02-10 10:34:56"}
{"level":"info","message":"✅ AI Career Coach Routes Loaded (Inline)","service":"smaart-minds-api","timestamp":"2026-02-10 10:36:43"}
{"level":"info","message":"✅ MongoDB connected successfully","service":"smaart-minds-api","timestamp":"2026-02-10 10:36:44"}
{"level":"info","message":"✅ AI Career Coach Routes Loaded (Inline)","service":"smaart-minds-api","timestamp":"2026-02-10 10:37:26"}
{"level":"info","message":"✅ MongoDB connected successfully","service":"smaart-minds-api","timestamp":"2026-02-10 10:37:27"}
{"level":"info","message":"✅ AI Career Coach Routes Loaded (Inline)","service":"smaart-minds-api","timestamp":"2026-02-10 10:43:08"}
{"level":"info","message":"✅ MongoDB connected successfully","service":"smaart-minds-api","timestamp":"2026-02-10 10:43:09"}
{"level":"info","message":"✅ AI Career Coach Routes Loaded (Inline)","service":"smaart-minds-api","timestamp":"2026-02-10 10:48:31"}
{"level":"info","message":"✅ MongoDB connected successfully","service":"smaart-minds-api","timestamp":"2026-02-10 10:48:32"}
{"level":"info","message":"✅ AI Career Coach Routes Loaded (Inline)","service":"smaart-minds-api","timestamp":"2026-02-10 10:50:30"}
{"level":"info","message":"✅ MongoDB connected successfully","service":"smaart-minds-api","timestamp":"2026-02-10 10:50:31"}
{"level":"info","message":"✅ AI Career Coach Routes Loaded (Inline)","service":"smaart-minds-api","timestamp":"2026-02-10 11:01:48"}
{"level":"info","message":"✅ MongoDB connected successfully","service":"smaart-minds-api","timestamp":"2026-02-10 11:01:49"}
{"level":"info","message":"✅ AI Career Coach Routes Loaded (Inline)","service":"smaart-minds-api","timestamp":"2026-02-10 11:02:13"}
{"level":"info","message":"✅ MongoDB connected successfully","service":"smaart-minds-api","timestamp":"2026-02-10 11:02:13"}
{"level":"info","message":"✅ AI Career Coach Routes Loaded (Inline)","service":"smaart-minds-api","timestamp":"2026-02-10 11:09:47"}
{"level":"info","message":"✅ MongoDB connected successfully","service":"smaart-minds-api","timestamp":"2026-02-10 11:09:48"}
{"level":"info","message":"✅ AI Career Coach Routes Loaded (Inline)","service":"smaart-minds-api","timestamp":"2026-02-10 11:16:19"}
{"level":"info","message":"✅ MongoDB connected successfully","service":"smaart-minds-api","timestamp":"2026-02-10 11:16:21"}
{"level":"info","message":"✅ AI Career Coach Routes Loaded (Inline)","service":"smaart-minds-api","timestamp":"2026-02-10 11:16:38"}
{"level":"warn","message":"⚠️  Port 5000 in use, attempting fallback port 5001","service":"smaart-minds-api","timestamp":"2026-02-10 11:16:38"}
{"level":"info","message":"✅ MongoDB connected successfully","service":"smaart-minds-api","timestamp":"2026-02-10 11:16:39"}
{"level":"info","message":"✅ AI Career Coach Routes Loaded (Inline)","service":"smaart-minds-api","timestamp":"2026-02-10 11:28:35"}
{"level":"warn","message":"⚠️  Port 5000 in use, attempting fallback port 5001","service":"smaart-minds-api","timestamp":"2026-02-10 11:28:35"}
{"level":"info","message":"✅ AI Career Coach Routes Loaded (Inline)","service":"smaart-minds-api","timestamp":"2026-02-10 11:28:35"}
{"level":"info","message":"✅ MongoDB connected successfully","service":"smaart-minds-api","timestamp":"2026-02-10 11:28:36"}
{"level":"info","message":"✅ MongoDB connected successfully","service":"smaart-minds-api","timestamp":"2026-02-10 11:28:36"}
{"level":"info","message":"✅ AI Career Coach Routes Loaded (Inline)","service":"smaart-minds-api","timestamp":"2026-02-10 11:29:11"}
{"level":"info","message":"✅ AI Career Coach Routes Loaded (Inline)","service":"smaart-minds-api","timestamp":"2026-02-10 11:29:11"}
{"level":"warn","message":"⚠️  Port 5000 in use, attempting fallback port 5001","service":"smaart-minds-api","timestamp":"2026-02-10 11:29:11"}
{"level":"info","message":"✅ MongoDB connected successfully","service":"smaart-minds-api","timestamp":"2026-02-10 11:29:12"}
{"level":"info","message":"✅ MongoDB connected successfully","service":"smaart-minds-api","timestamp":"2026-02-10 11:29:12"}
{"level":"info","message":"✅ AI Career Coach Routes Loaded (Inline)","service":"smaart-minds-api","timestamp":"2026-02-10 11:29:45"}
{"level":"info","message":"✅ AI Career Coach Routes Loaded (Inline)","service":"smaart-minds-api","timestamp":"2026-02-10 11:29:45"}
{"level":"warn","message":"⚠️  Port 5000 in use, attempting fallback port 5001","service":"smaart-minds-api","timestamp":"2026-02-10 11:29:46"}
{"level":"info","message":"✅ MongoDB connected successfully","service":"smaart-minds-api","timestamp":"2026-02-10 11:29:47"}
{"level":"info","message":"✅ MongoDB connected successfully","service":"smaart-minds-api","timestamp":"2026-02-10 11:29:47"}
{"level":"info","message":"✅ AI Career Coach Routes Loaded (Inline)","service":"smaart-minds-api","timestamp":"2026-02-10 11:33:46"}
{"level":"info","message":"✅ AI Career Coach Routes Loaded (Inline)","service":"smaart-minds-api","timestamp":"2026-02-10 11:33:46"}
{"level":"warn","message":"⚠️  Port 5000 in use, attempting fallback port 5001","service":"smaart-minds-api","timestamp":"2026-02-10 11:33:46"}
{"level":"info","message":"✅ MongoDB connected successfully","service":"smaart-minds-api","timestamp":"2026-02-10 11:33:47"}
{"level":"info","message":"✅ MongoDB connected successfully","service":"smaart-minds-api","timestamp":"2026-02-10 11:33:47"}
{"level":"info","message":"✅ AI Career Coach Routes Loaded (Inline)","service":"smaart-minds-api","timestamp":"2026-02-10 11:34:56"}
{"level":"info","message":"✅ AI Career Coach Routes Loaded (Inline)","service":"smaart-minds-api","timestamp":"2026-02-10 11:34:56"}
{"level":"warn","message":"⚠️  Port 5000 in use, attempting fallback port 5001","service":"smaart-minds-api","timestamp":"2026-02-10 11:34:56"}
{"level":"info","message":"✅ MongoDB connected successfully","service":"smaart-minds-api","timestamp":"2026-02-10 11:34:57"}
{"level":"info","message":"✅ MongoDB connected successfully","service":"smaart-minds-api","timestamp":"2026-02-10 11:34:57"}
{"level":"info","message":"✅ AI Career Coach Routes Loaded (Inline)","service":"smaart-minds-api","timestamp":"2026-02-10 11:35:59"}
{"level":"info","message":"✅ AI Career Coach Routes Loaded (Inline)","service":"smaart-minds-api","timestamp":"2026-02-10 11:35:59"}
{"level":"warn","message":"⚠️  Port 5000 in use, attempting fallback port 5001","service":"smaart-minds-api","timestamp":"2026-02-10 11:35:59"}
{"level":"info","message":"✅ MongoDB connected successfully","service":"smaart-minds-api","timestamp":"2026-02-10 11:36:00"}
{"level":"info","message":"✅ MongoDB connected successfully","service":"smaart-minds-api","timestamp":"2026-02-10 11:36:00"}
{"level":"info","message":"✅ AI Career Coach Routes Loaded (Inline)","service":"smaart-minds-api","timestamp":"2026-02-10 11:36:16"}
{"level":"info","message":"✅ AI Career Coach Routes Loaded (Inline)","service":"smaart-minds-api","timestamp":"2026-02-10 11:36:16"}
{"level":"warn","message":"⚠️  Port 5000 in use, attempting fallback port 5001","service":"smaart-minds-api","timestamp":"2026-02-10 11:36:16"}
{"level":"info","message":"✅ MongoDB connected successfully","service":"smaart-minds-api","timestamp":"2026-02-10 11:36:17"}
{"level":"info","message":"✅ MongoDB connected successfully","service":"smaart-minds-api","timestamp":"2026-02-10 11:36:17"}
{"level":"info","message":"✅ AI Career Coach Routes Loaded (Inline)","service":"smaart-minds-api","timestamp":"2026-02-10 11:36:50"}
{"level":"info","message":"✅ AI Career Coach Routes Loaded (Inline)","service":"smaart-minds-api","timestamp":"2026-02-10 11:36:50"}
{"level":"warn","message":"⚠️  Port 5000 in use, attempting fallback port 5001","service":"smaart-minds-api","timestamp":"2026-02-10 11:36:50"}
{"level":"info","message":"✅ MongoDB connected successfully","service":"smaart-minds-api","timestamp":"2026-02-10 11:36:51"}
{"level":"info","message":"✅ MongoDB connected successfully","service":"smaart-minds-api","timestamp":"2026-02-10 11:36:51"}
{"level":"info","message":"✅ AI Career Coach Routes Loaded (Inline)","service":"smaart-minds-api","timestamp":"2026-02-10 11:37:28"}
{"level":"info","message":"✅ AI Career Coach Routes Loaded (Inline)","service":"smaart-minds-api","timestamp":"2026-02-10 11:37:28"}
{"level":"warn","message":"⚠️  Port 5000 in use, attempting fallback port 5001","service":"smaart-minds-api","timestamp":"2026-02-10 11:37:28"}
{"level":"info","message":"✅ MongoDB connected successfully","service":"smaart-minds-api","timestamp":"2026-02-10 11:37:29"}
{"level":"info","message":"✅ MongoDB connected successfully","service":"smaart-minds-api","timestamp":"2026-02-10 11:37:29"}
{"level":"info","message":"✅ AI Career Coach Routes Loaded (Inline)","service":"smaart-minds-api","timestamp":"2026-02-10 11:41:59"}
{"level":"info","message":"✅ AI Career Coach Routes Loaded (Inline)","service":"smaart-minds-api","timestamp":"2026-02-10 11:41:59"}
{"level":"warn","message":"⚠️  Port 5000 in use, attempting fallback port 5001","service":"smaart-minds-api","timestamp":"2026-02-10 11:41:59"}
{"level":"info","message":"✅ MongoDB connected successfully","service":"smaart-minds-api","timestamp":"2026-02-10 11:42:00"}
{"level":"info","message":"✅ MongoDB connected successfully","service":"smaart-minds-api","timestamp":"2026-02-10 11:42:00"}
{"level":"info","message":"✅ AI Career Coach Routes Loaded (Inline)","service":"smaart-minds-api","timestamp":"2026-02-10 11:43:35"}
{"level":"info","message":"✅ AI Career Coach Routes Loaded (Inline)","service":"smaart-minds-api","timestamp":"2026-02-10 11:43:35"}
{"level":"warn","message":"⚠️  Port 5000 in use, attempting fallback port 5001","service":"smaart-minds-api","timestamp":"2026-02-10 11:43:35"}
{"level":"info","message":"✅ MongoDB connected successfully","service":"smaart-minds-api","timestamp":"2026-02-10 11:43:36"}
{"level":"info","message":"✅ MongoDB connected successfully","service":"smaart-minds-api","timestamp":"2026-02-10 11:43:36"}
{"level":"info","message":"✅ AI Career Coach Routes Loaded (Inline)","service":"smaart-minds-api","timestamp":"2026-02-10 11:44:31"}
{"level":"info","message":"✅ AI Career Coach Routes Loaded (Inline)","service":"smaart-minds-api","timestamp":"2026-02-10 11:44:31"}
{"level":"warn","message":"⚠️  Port 5000 in use, attempting fallback port 5001","service":"smaart-minds-api","timestamp":"2026-02-10 11:44:31"}
{"level":"info","message":"✅ MongoDB connected successfully","service":"smaart-minds-api","timestamp":"2026-02-10 11:44:32"}
{"level":"info","message":"✅ MongoDB connected successfully","service":"smaart-minds-api","timestamp":"2026-02-10 11:44:32"}
{"level":"info","message":"✅ AI Career Coach Routes Loaded (Inline)","service":"smaart-minds-api","timestamp":"2026-02-10 11:44:48"}
{"level":"info","message":"✅ AI Career Coach Routes Loaded (Inline)","service":"smaart-minds-api","timestamp":"2026-02-10 11:44:48"}
{"level":"warn","message":"⚠️  Port 5000 in use, attempting fallback port 5001","service":"smaart-minds-api","timestamp":"2026-02-10 11:44:48"}
{"level":"info","message":"✅ MongoDB connected successfully","service":"smaart-minds-api","timestamp":"2026-02-10 11:44:49"}
{"level":"info","message":"✅ MongoDB connected successfully","service":"smaart-minds-api","timestamp":"2026-02-10 11:44:49"}
{"level":"info","message":"✅ AI Career Coach Routes Loaded (Inline)","service":"smaart-minds-api","timestamp":"2026-02-10 11:45:32"}
{"level":"info","message":"✅ AI Career Coach Routes Loaded (Inline)","service":"smaart-minds-api","timestamp":"2026-02-10 11:45:32"}
{"level":"warn","message":"⚠️  Port 5000 in use, attempting fallback port 5001","service":"smaart-minds-api","timestamp":"2026-02-10 11:45:32"}
{"level":"info","message":"✅ MongoDB connected successfully","service":"smaart-minds-api","timestamp":"2026-02-10 11:45:33"}
{"level":"info","message":"✅ MongoDB connected successfully","service":"smaart-minds-api","timestamp":"2026-02-10 11:45:33"}
{"level":"info","message":"✅ AI Career Coach Routes Loaded (Inline)","service":"smaart-minds-api","timestamp":"2026-02-10 11:49:37"}
{"level":"warn","message":"⚠️  Port 5000 in use, attempting fallback port 5001","service":"smaart-minds-api","timestamp":"2026-02-10 11:49:37"}
{"level":"info","message":"✅ AI Career Coach Routes Loaded (Inline)","service":"smaart-minds-api","timestamp":"2026-02-10 11:49:37"}
{"level":"info","message":"✅ MongoDB connected successfully","service":"smaart-minds-api","timestamp":"2026-02-10 11:49:38"}
{"level":"info","message":"✅ MongoDB connected successfully","service":"smaart-minds-api","timestamp":"2026-02-10 11:49:38"}
{"level":"info","message":"✅ AI Career Coach Routes Loaded (Inline)","service":"smaart-minds-api","timestamp":"2026-02-10 11:51:00"}
{"level":"info","message":"✅ AI Career Coach Routes Loaded (Inline)","service":"smaart-minds-api","timestamp":"2026-02-10 11:51:00"}
{"level":"warn","message":"⚠️  Port 5000 in use, attempting fallback port 5001","service":"smaart-minds-api","timestamp":"2026-02-10 11:51:00"}
{"level":"info","message":"✅ MongoDB connected successfully","service":"smaart-minds-api","timestamp":"2026-02-10 11:51:01"}
{"level":"info","message":"✅ MongoDB connected successfully","service":"smaart-minds-api","timestamp":"2026-02-10 11:51:01"}
{"level":"info","message":"✅ AI Career Coach Routes Loaded (Inline)","service":"smaart-minds-api","timestamp":"2026-02-10 11:51:34"}
{"level":"info","message":"✅ AI Career Coach Routes Loaded (Inline)","service":"smaart-minds-api","timestamp":"2026-02-10 11:51:34"}
{"level":"warn","message":"⚠️  Port 5000 in use, attempting fallback port 5001","service":"smaart-minds-api","timestamp":"2026-02-10 11:51:34"}
{"level":"info","message":"✅ MongoDB connected successfully","service":"smaart-minds-api","timestamp":"2026-02-10 11:51:34"}
{"level":"info","message":"✅ MongoDB connected successfully","service":"smaart-minds-api","timestamp":"2026-02-10 11:51:35"}
{"level":"info","message":"✅ AI Career Coach Routes Loaded (Inline)","service":"smaart-minds-api","timestamp":"2026-02-10 11:51:59"}
{"level":"info","message":"✅ AI Career Coach Routes Loaded (Inline)","service":"smaart-minds-api","timestamp":"2026-02-10 11:51:59"}
{"level":"warn","message":"⚠️  Port 5000 in use, attempting fallback port 5001","service":"smaart-minds-api","timestamp":"2026-02-10 11:51:59"}
{"level":"info","message":"✅ MongoDB connected successfully","service":"smaart-minds-api","timestamp":"2026-02-10 11:52:00"}
{"level":"info","message":"✅ MongoDB connected successfully","service":"smaart-minds-api","timestamp":"2026-02-10 11:52:00"}
{"level":"info","message":"✅ AI Career Coach Routes Loaded (Inline)","service":"smaart-minds-api","timestamp":"2026-02-10 11:52:21"}
{"level":"info","message":"✅ AI Career Coach Routes Loaded (Inline)","service":"smaart-minds-api","timestamp":"2026-02-10 11:52:21"}
{"level":"warn","message":"⚠️  Port 5000 in use, attempting fallback port 5001","service":"smaart-minds-api","timestamp":"2026-02-10 11:52:21"}
{"level":"info","message":"✅ MongoDB connected successfully","service":"smaart-minds-api","timestamp":"2026-02-10 11:52:22"}
{"level":"info","message":"✅ MongoDB connected successfully","service":"smaart-minds-api","timestamp":"2026-02-10 11:52:22"}
{"level":"info","message":"✅ AI Career Coach Routes Loaded (Inline)","service":"smaart-minds-api","timestamp":"2026-02-10 11:53:20"}
{"level":"info","message":"✅ AI Career Coach Routes Loaded (Inline)","service":"smaart-minds-api","timestamp":"2026-02-10 11:53:20"}
{"level":"warn","message":"⚠️  Port 5000 in use, attempting fallback port 5001","service":"smaart-minds-api","timestamp":"2026-02-10 11:53:20"}
{"level":"info","message":"✅ MongoDB connected successfully","service":"smaart-minds-api","timestamp":"2026-02-10 11:53:21"}
{"level":"info","message":"✅ MongoDB connected successfully","service":"smaart-minds-api","timestamp":"2026-02-10 11:53:21"}
{"level":"info","message":"✅ AI Career Coach Routes Loaded (Inline)","service":"smaart-minds-api","timestamp":"2026-02-10 11:54:40"}
{"level":"info","message":"✅ AI Career Coach Routes Loaded (Inline)","service":"smaart-minds-api","timestamp":"2026-02-10 11:54:40"}
{"level":"warn","message":"⚠️  Port 5000 in use, attempting fallback port 5001","service":"smaart-minds-api","timestamp":"2026-02-10 11:54:40"}
{"level":"info","message":"✅ MongoDB connected successfully","service":"smaart-minds-api","timestamp":"2026-02-10 11:54:41"}
{"level":"info","message":"✅ MongoDB connected successfully","service":"smaart-minds-api","timestamp":"2026-02-10 11:54:41"}
{"level":"info","message":"✅ AI Career Coach Routes Loaded (Inline)","service":"smaart-minds-api","timestamp":"2026-02-10 11:58:43"}
{"level":"info","message":"✅ AI Career Coach Routes Loaded (Inline)","service":"smaart-minds-api","timestamp":"2026-02-10 11:58:43"}
{"level":"warn","message":"⚠️  Port 5000 in use, attempting fallback port 5001","service":"smaart-minds-api","timestamp":"2026-02-10 11:58:43"}
{"level":"info","message":"✅ MongoDB connected successfully","service":"smaart-minds-api","timestamp":"2026-02-10 11:58:43"}
{"level":"info","message":"✅ MongoDB connected successfully","service":"smaart-minds-api","timestamp":"2026-02-10 11:58:43"}
{"level":"info","message":"✅ AI Career Coach Routes Loaded (Inline)","service":"smaart-minds-api","timestamp":"2026-02-10 12:01:16"}
{"level":"info","message":"✅ AI Career Coach Routes Loaded (Inline)","service":"smaart-minds-api","timestamp":"2026-02-10 12:01:16"}
{"level":"warn","message":"⚠️  Port 5000 in use, attempting fallback port 5001","service":"smaart-minds-api","timestamp":"2026-02-10 12:01:16"}
{"level":"info","message":"✅ MongoDB connected successfully","service":"smaart-minds-api","timestamp":"2026-02-10 12:01:18"}
{"level":"info","message":"✅ MongoDB connected successfully","service":"smaart-minds-api","timestamp":"2026-02-10 12:01:18"}
{"level":"info","message":"✅ AI Career Coach Routes Loaded (Inline)","service":"smaart-minds-api","timestamp":"2026-02-10 12:07:14"}
{"level":"info","message":"✅ AI Career Coach Routes Loaded (Inline)","service":"smaart-minds-api","timestamp":"2026-02-10 12:07:14"}
{"level":"warn","message":"⚠️  Port 5000 in use, attempting fallback port 5001","service":"smaart-minds-api","timestamp":"2026-02-10 12:07:14"}
{"level":"info","message":"✅ MongoDB connected successfully","service":"smaart-minds-api","timestamp":"2026-02-10 12:07:15"}
{"level":"info","message":"✅ MongoDB connected successfully","service":"smaart-minds-api","timestamp":"2026-02-10 12:07:15"}
{"level":"info","message":"✅ AI Career Coach Routes Loaded (Inline)","service":"smaart-minds-api","timestamp":"2026-02-10 12:07:54"}
{"level":"info","message":"✅ AI Career Coach Routes Loaded (Inline)","service":"smaart-minds-api","timestamp":"2026-02-10 12:07:54"}
{"level":"warn","message":"⚠️  Port 5000 in use, attempting fallback port 5001","service":"smaart-minds-api","timestamp":"2026-02-10 12:07:54"}
{"level":"info","message":"✅ MongoDB connected successfully","service":"smaart-minds-api","timestamp":"2026-02-10 12:07:55"}
{"level":"info","message":"✅ MongoDB connected successfully","service":"smaart-minds-api","timestamp":"2026-02-10 12:07:55"}
{"level":"info","message":"✅ AI Career Coach Routes Loaded (Inline)","service":"smaart-minds-api","timestamp":"2026-02-10 12:09:09"}
{"level":"info","message":"✅ AI Career Coach Routes Loaded (Inline)","service":"smaart-minds-api","timestamp":"2026-02-10 12:09:09"}
{"level":"warn","message":"⚠️  Port 5000 in use, attempting fallback port 5001","service":"smaart-minds-api","timestamp":"2026-02-10 12:09:09"}
{"level":"info","message":"✅ MongoDB connected successfully","service":"smaart-minds-api","timestamp":"2026-02-10 12:09:09"}
{"level":"info","message":"✅ MongoDB connected successfully","service":"smaart-minds-api","timestamp":"2026-02-10 12:09:09"}
{"level":"info","message":"✅ AI Career Coach Routes Loaded (Inline)","service":"smaart-minds-api","timestamp":"2026-02-10 12:09:25"}
{"level":"info","message":"✅ AI Career Coach Routes Loaded (Inline)","service":"smaart-minds-api","timestamp":"2026-02-10 12:09:25"}
{"level":"warn","message":"⚠️  Port 5000 in use, attempting fallback port 5001","service":"smaart-minds-api","timestamp":"2026-02-10 12:09:25"}
{"level":"info","message":"✅ MongoDB connected successfully","service":"smaart-minds-api","timestamp":"2026-02-10 12:09:26"}
{"level":"info","message":"✅ MongoDB connected successfully","service":"smaart-minds-api","timestamp":"2026-02-10 12:09:26"}
{"level":"info","message":"✅ AI Career Coach Routes Loaded (Inline)","service":"smaart-minds-api","timestamp":"2026-02-10 12:11:35"}
{"level":"info","message":"✅ AI Career Coach Routes Loaded (Inline)","service":"smaart-minds-api","timestamp":"2026-02-10 12:11:35"}
{"level":"warn","message":"⚠️  Port 5000 in use, attempting fallback port 5001","service":"smaart-minds-api","timestamp":"2026-02-10 12:11:35"}
{"level":"info","message":"✅ MongoDB connected successfully","service":"smaart-minds-api","timestamp":"2026-02-10 12:11:36"}
{"level":"info","message":"✅ MongoDB connected successfully","service":"smaart-minds-api","timestamp":"2026-02-10 12:11:36"}
{"level":"info","message":"✅ AI Career Coach Routes Loaded (Inline)","service":"smaart-minds-api","timestamp":"2026-02-10 12:12:46"}
{"level":"info","message":"✅ AI Career Coach Routes Loaded (Inline)","service":"smaart-minds-api","timestamp":"2026-02-10 12:12:46"}
{"level":"warn","message":"⚠️  Port 5000 in use, attempting fallback port 5001","service":"smaart-minds-api","timestamp":"2026-02-10 12:12:46"}
{"level":"info","message":"✅ MongoDB connected successfully","service":"smaart-minds-api","timestamp":"2026-02-10 12:12:47"}
{"level":"info","message":"✅ MongoDB connected successfully","service":"smaart-minds-api","timestamp":"2026-02-10 12:12:47"}
{"level":"info","message":"✅ AI Career Coach Routes Loaded (Inline)","service":"smaart-minds-api","timestamp":"2026-02-10 12:16:35"}
{"level":"info","message":"✅ AI Career Coach Routes Loaded (Inline)","service":"smaart-minds-api","timestamp":"2026-02-10 12:16:35"}
{"level":"warn","message":"⚠️  Port 5000 in use, attempting fallback port 5001","service":"smaart-minds-api","timestamp":"2026-02-10 12:16:35"}
{"level":"info","message":"✅ MongoDB connected successfully","service":"smaart-minds-api","timestamp":"2026-02-10 12:16:37"}
{"level":"info","message":"✅ MongoDB connected successfully","service":"smaart-minds-api","timestamp":"2026-02-10 12:16:37"}
{"level":"info","message":"✅ AI Career Coach Routes Loaded (Inline)","service":"smaart-minds-api","timestamp":"2026-02-10 12:17:30"}
{"level":"info","message":"✅ AI Career Coach Routes Loaded (Inline)","service":"smaart-minds-api","timestamp":"2026-02-10 12:17:30"}
{"level":"warn","message":"⚠️  Port 5000 in use, attempting fallback port 5001","service":"smaart-minds-api","timestamp":"2026-02-10 12:17:30"}
{"level":"info","message":"✅ MongoDB connected successfully","service":"smaart-minds-api","timestamp":"2026-02-10 12:17:31"}
{"level":"info","message":"✅ MongoDB connected successfully","service":"smaart-minds-api","timestamp":"2026-02-10 12:17:31"}
{"level":"info","message":"✅ AI Career Coach Routes Loaded (Inline)","service":"smaart-minds-api","timestamp":"2026-02-10 12:17:53"}
{"level":"info","message":"✅ AI Career Coach Routes Loaded (Inline)","service":"smaart-minds-api","timestamp":"2026-02-10 12:17:53"}
{"level":"warn","message":"⚠️  Port 5000 in use, attempting fallback port 5001","service":"smaart-minds-api","timestamp":"2026-02-10 12:17:53"}
{"level":"info","message":"✅ MongoDB connected successfully","service":"smaart-minds-api","timestamp":"2026-02-10 12:17:53"}
{"level":"info","message":"✅ MongoDB connected successfully","service":"smaart-minds-api","timestamp":"2026-02-10 12:17:54"}
{"level":"info","message":"✅ AI Career Coach Routes Loaded (Inline)","service":"smaart-minds-api","timestamp":"2026-02-10 12:19:13"}
{"level":"info","message":"✅ AI Career Coach Routes Loaded (Inline)","service":"smaart-minds-api","timestamp":"2026-02-10 12:19:13"}
{"level":"warn","message":"⚠️  Port 5000 in use, attempting fallback port 5001","service":"smaart-minds-api","timestamp":"2026-02-10 12:19:14"}
{"level":"info","message":"✅ MongoDB connected successfully","service":"smaart-minds-api","timestamp":"2026-02-10 12:19:15"}
{"level":"info","message":"✅ MongoDB connected successfully","service":"smaart-minds-api","timestamp":"2026-02-10 12:19:15"}
{"level":"info","message":"✅ AI Career Coach Routes Loaded (Inline)","service":"smaart-minds-api","timestamp":"2026-02-10 12:22:51"}
{"level":"info","message":"✅ AI Career Coach Routes Loaded (Inline)","service":"smaart-minds-api","timestamp":"2026-02-10 12:22:51"}
{"level":"warn","message":"⚠️  Port 5000 in use, attempting fallback port 5001","service":"smaart-minds-api","timestamp":"2026-02-10 12:22:51"}
{"level":"info","message":"✅ MongoDB connected successfully","service":"smaart-minds-api","timestamp":"2026-02-10 12:22:52"}
{"level":"info","message":"✅ MongoDB connected successfully","service":"smaart-minds-api","timestamp":"2026-02-10 12:22:52"}
{"level":"info","message":"✅ AI Career Coach Routes Loaded (Inline)","service":"smaart-minds-api","timestamp":"2026-02-10 12:23:56"}
{"level":"info","message":"✅ AI Career Coach Routes Loaded (Inline)","service":"smaart-minds-api","timestamp":"2026-02-10 12:23:56"}
{"level":"warn","message":"⚠️  Port 5000 in use, attempting fallback port 5001","service":"smaart-minds-api","timestamp":"2026-02-10 12:23:56"}
{"level":"info","message":"✅ MongoDB connected successfully","service":"smaart-minds-api","timestamp":"2026-02-10 12:23:57"}
{"level":"info","message":"✅ MongoDB connected successfully","service":"smaart-minds-api","timestamp":"2026-02-10 12:23:57"}
{"level":"info","message":"✅ AI Career Coach Routes Loaded (Inline)","service":"smaart-minds-api","timestamp":"2026-02-10 12:24:06"}
{"level":"info","message":"✅ AI Career Coach Routes Loaded (Inline)","service":"smaart-minds-api","timestamp":"2026-02-10 12:24:06"}
{"level":"warn","message":"⚠️  Port 5000 in use, attempting fallback port 5001","service":"smaart-minds-api","timestamp":"2026-02-10 12:24:06"}
{"level":"info","message":"✅ MongoDB connected successfully","service":"smaart-minds-api","timestamp":"2026-02-10 12:24:06"}
{"level":"info","message":"✅ MongoDB connected successfully","service":"smaart-minds-api","timestamp":"2026-02-10 12:24:06"}
{"level":"info","message":"✅ AI Career Coach Routes Loaded (Inline)","service":"smaart-minds-api","timestamp":"2026-02-10 12:28:48"}
{"level":"info","message":"✅ AI Career Coach Routes Loaded (Inline)","service":"smaart-minds-api","timestamp":"2026-02-10 12:28:48"}
{"level":"warn","message":"⚠️  Port 5000 in use, attempting fallback port 5001","service":"smaart-minds-api","timestamp":"2026-02-10 12:28:48"}
{"level":"info","message":"✅ MongoDB connected successfully","service":"smaart-minds-api","timestamp":"2026-02-10 12:28:49"}
{"level":"info","message":"✅ MongoDB connected successfully","service":"smaart-minds-api","timestamp":"2026-02-10 12:28:49"}
{"level":"info","message":"✅ AI Career Coach Routes Loaded (Inline)","service":"smaart-minds-api","timestamp":"2026-02-10 12:30:08"}
{"level":"info","message":"✅ AI Career Coach Routes Loaded (Inline)","service":"smaart-minds-api","timestamp":"2026-02-10 12:30:08"}
{"level":"warn","message":"⚠️  Port 5000 in use, attempting fallback port 5001","service":"smaart-minds-api","timestamp":"2026-02-10 12:30:08"}
{"level":"info","message":"✅ MongoDB connected successfully","service":"smaart-minds-api","timestamp":"2026-02-10 12:30:09"}
{"level":"info","message":"✅ MongoDB connected successfully","service":"smaart-minds-api","timestamp":"2026-02-10 12:30:09"}
{"level":"info","message":"✅ AI Career Coach Routes Loaded (Inline)","service":"smaart-minds-api","timestamp":"2026-02-10 12:30:56"}
{"level":"info","message":"✅ AI Career Coach Routes Loaded (Inline)","service":"smaart-minds-api","timestamp":"2026-02-10 12:30:56"}
{"level":"warn","message":"⚠️  Port 5000 in use, attempting fallback port 5001","service":"smaart-minds-api","timestamp":"2026-02-10 12:30:56"}
{"level":"info","message":"✅ MongoDB connected successfully","service":"smaart-minds-api","timestamp":"2026-02-10 12:30:57"}
{"level":"info","message":"✅ MongoDB connected successfully","service":"smaart-minds-api","timestamp":"2026-02-10 12:30:57"}
{"level":"info","message":"✅ AI Career Coach Routes Loaded (Inline)","service":"smaart-minds-api","timestamp":"2026-02-10 12:32:28"}
{"level":"warn","message":"⚠️  Port 5000 in use, attempting fallback port 5001","service":"smaart-minds-api","timestamp":"2026-02-10 12:32:28"}
{"level":"info","message":"✅ MongoDB connected successfully","service":"smaart-minds-api","timestamp":"2026-02-10 12:32:29"}
{"level":"info","message":"✅ AI Career Coach Routes Loaded (Inline)","service":"smaart-minds-api","timestamp":"2026-02-10 12:33:16"}
{"level":"warn","message":"⚠️  Port 5000 in use, attempting fallback port 5001","service":"smaart-minds-api","timestamp":"2026-02-10 12:33:16"}
{"level":"info","message":"✅ MongoDB connected successfully","service":"smaart-minds-api","timestamp":"2026-02-10 12:33:17"}
{"level":"info","message":"✅ AI Career Coach Routes Loaded (Inline)","service":"smaart-minds-api","timestamp":"2026-02-10 12:35:25"}
{"level":"warn","message":"⚠️  Port 5000 in use, attempting fallback port 5001","service":"smaart-minds-api","timestamp":"2026-02-10 12:35:25"}
{"level":"info","message":"✅ MongoDB connected successfully","service":"smaart-minds-api","timestamp":"2026-02-10 12:35:27"}
{"level":"info","message":"✅ AI Career Coach Routes Loaded (Inline)","service":"smaart-minds-api","timestamp":"2026-02-10 12:35:39"}
{"level":"info","message":"✅ MongoDB connected successfully","service":"smaart-minds-api","timestamp":"2026-02-10 12:35:40"}
{"level":"info","message":"✅ AI Career Coach Routes Loaded (Inline)","service":"smaart-minds-api","timestamp":"2026-02-10 12:35:53"}
{"level":"info","message":"✅ MongoDB connected successfully","service":"smaart-minds-api","timestamp":"2026-02-10 12:35:53"}
